// Jest Snapshot v1, https://goo.gl/fbAQLP

exports[`Comment renders correctly 1`] = `
<div
  className="ui segment ui form"
>
  <div
    className="ui dividing header"
  >
    Standard
  </div>
  <style>
    
  </style>
  <div
    className="ui form "
  >
    <div
      className="fields"
    >
      <div
        className="sixteen wide field"
      >
        <label
          htmlFor="description"
        >
          Description
        </label>
        <div
          className="ui yellow icon message"
        >
          <i
            aria-hidden="true"
            className="comments outline icon"
            onClick={[Function]}
          />
          <div
            className="content"
          >
            <div
              className="header"
            >
              Comment
            </div>
            <p>
              Some Description
            </p>
          </div>
        </div>
      </div>
    </div>
  </div>
  <div
    className="ui dividing header"
  >
    Readonly
  </div>
  <style>
    
  </style>
  <div
    className="ui form form-hjcaghiia"
  >
    <div
      className="fields"
    >
      <div
        className="sixteen wide field"
      >
        <label
          htmlFor="description"
        >
          Description
        </label>
        <div
          className="ui yellow icon message"
        >
          <i
            aria-hidden="true"
            className="comments outline icon"
            onClick={[Function]}
          />
          <div
            className="content"
          >
            <div
              className="header"
            >
              Comment
            </div>
            <p>
              Some Description
            </p>
          </div>
        </div>
      </div>
    </div>
  </div>
</div>
`;
