// Jest Snapshot v1, https://goo.gl/fbAQLP

exports[`DateView renders 1`] = `
<div
  className="ui segment ui form"
>
  <div
    className="ui dividing header"
  >
    Standard
  </div>
  <div
    className="ui form "
  >
    <div
      className="fields"
    >
      <div
        className="four wide field"
      >
        <label
          htmlFor="date"
        >
          Date
        </label>
        <div>
          <div
            className="field"
          >
            <div
              className="ui left icon input"
            >
              <i
                aria-hidden="true"
                className="calendar icon"
                onClick={[Function]}
              />
              <input
                name="date"
                onBlur={[Function]}
                onChange={[Function]}
                onClick={[Function]}
                onFocus={[Function]}
                onMouseEnter={[Function]}
                tabIndex="0"
                type="text"
                value=""
              />
            </div>
          </div>
        </div>
      </div>
      <div
        className="four wide field"
      >
        <label
          htmlFor="date"
        >
          Time
        </label>
        <div>
          <div
            className="field"
          >
            <div
              className="ui left icon input"
            >
              <i
                aria-hidden="true"
                className="time icon"
                onClick={[Function]}
              />
              <input
                name="date"
                onBlur={[Function]}
                onChange={[Function]}
                onClick={[Function]}
                onFocus={[Function]}
                onMouseEnter={[Function]}
                tabIndex="0"
                type="text"
                value=""
              />
            </div>
          </div>
        </div>
      </div>
      <div
        className="four wide field"
      >
        <label
          htmlFor="date"
        >
          Date Time
        </label>
        <div>
          <div
            className="field"
          >
            <div
              className="ui left icon input"
            >
              <i
                aria-hidden="true"
                className="calendar icon"
                onClick={[Function]}
              />
              <input
                name="date"
                onBlur={[Function]}
                onChange={[Function]}
                onClick={[Function]}
                onFocus={[Function]}
                onMouseEnter={[Function]}
                tabIndex="0"
                type="text"
                value=""
              />
            </div>
          </div>
        </div>
      </div>
      <div
        className="four wide field"
      >
        <label
          htmlFor="range"
        >
          Date Range
        </label>
        <div>
          <div
            className="field"
          >
            <div
              className="ui left icon input"
            >
              <i
                aria-hidden="true"
                className="calendar icon"
                onClick={[Function]}
              />
              <input
                name="range"
                onBlur={[Function]}
                onChange={[Function]}
                onClick={[Function]}
                onFocus={[Function]}
                onMouseEnter={[Function]}
                tabIndex="0"
                type="text"
                value=""
              />
            </div>
          </div>
        </div>
      </div>
    </div>
  </div>
  <div
    className="ui dividing header"
  >
    Readonly
  </div>
  <div
    className="ui form form-hjcaghiia"
  >
    <div
      className="fields"
    >
      <div
        className="four wide field"
      >
        <label
          htmlFor="date"
        >
          Date
        </label>
        <div>
          <div
            className="field"
          >
            <div
              className="ui left icon input"
            >
              <i
                aria-hidden="true"
                className="calendar icon"
                onClick={[Function]}
              />
              <input
                name="date"
                onBlur={[Function]}
                onChange={[Function]}
                onClick={[Function]}
                onFocus={[Function]}
                onMouseEnter={[Function]}
                tabIndex="0"
                type="text"
                value=""
              />
            </div>
          </div>
        </div>
      </div>
      <div
        className="four wide field"
      >
        <label
          htmlFor="date"
        >
          Time
        </label>
        <div>
          <div
            className="field"
          >
            <div
              className="ui left icon input"
            >
              <i
                aria-hidden="true"
                className="time icon"
                onClick={[Function]}
              />
              <input
                name="date"
                onBlur={[Function]}
                onChange={[Function]}
                onClick={[Function]}
                onFocus={[Function]}
                onMouseEnter={[Function]}
                tabIndex="0"
                type="text"
                value=""
              />
            </div>
          </div>
        </div>
      </div>
      <div
        className="four wide field"
      >
        <label
          htmlFor="date"
        >
          Date Time
        </label>
        <div>
          <div
            className="field"
          >
            <div
              className="ui left icon input"
            >
              <i
                aria-hidden="true"
                className="calendar icon"
                onClick={[Function]}
              />
              <input
                name="date"
                onBlur={[Function]}
                onChange={[Function]}
                onClick={[Function]}
                onFocus={[Function]}
                onMouseEnter={[Function]}
                tabIndex="0"
                type="text"
                value=""
              />
            </div>
          </div>
        </div>
      </div>
      <div
        className="four wide field"
      >
        <label
          htmlFor="range"
        >
          Date Range
        </label>
        <div>
          <div
            className="field"
          >
            <div
              className="ui left icon input"
            >
              <i
                aria-hidden="true"
                className="calendar icon"
                onClick={[Function]}
              />
              <input
                name="range"
                onBlur={[Function]}
                onChange={[Function]}
                onClick={[Function]}
                onFocus={[Function]}
                onMouseEnter={[Function]}
                tabIndex="0"
                type="text"
                value=""
              />
            </div>
          </div>
        </div>
      </div>
    </div>
  </div>
</div>
`;
