// Jest Snapshot v1, https://goo.gl/fbAQLP

exports[`Form Repeater renders correctly 1`] = `
<div
  className="ui segment ui form"
>
  <style>
    .d-form-bgcibidbjc { 
  color: pink;
  font-size: 100px !important;
 }
.d-form-Aebfdiadfh { 
  padding: 9px 0px;
 }
.d-form-Adiagibjfa { 
  margin-right: 12px;
  margin-bottom: 6px;
 }
.d-form-bidfabidci { 
  margin: 6px 0px 12px 0px;
 }
.d-form-Abdgbhfjheg { 
  margin-bottom: 0px !important;
 }

  .fieldSet-bejaheefjb {
    border: solid 1px #ddd;
    border-radius: 5px;
    background-color: #fafafa;
  }


  .fieldSet-bejaheefjb legend {
    padding: 0px 6px;
    font-weight: bold;
  }
  </style>
  <div
    className="ui form"
  >
    <div
      className="fields"
    >
      <div
        className="sixteen wide field"
      >
        <fieldset
          className=".fieldSet-bejaheefjb"
        >
          <style>
            .d-form-bgcibidbjc { 
  color: pink;
  font-size: 100px !important;
 }
.d-form-Aebfdiadfh { 
  padding: 9px 0px;
 }
.d-form-Adiagibjfa { 
  margin-right: 12px;
  margin-bottom: 6px;
 }
.d-form-bidfabidci { 
  margin: 6px 0px 12px 0px;
 }
.d-form-Abdgbhfjheg { 
  margin-bottom: 0px !important;
 }

  .fieldSet-bejaheefjb {
    border: solid 1px #ddd;
    border-radius: 5px;
    background-color: #fafafa;
  }


  .fieldSet-bejaheefjb legend {
    padding: 0px 6px;
    font-weight: bold;
  }
          </style>
          <div
            className="ui form"
          >
            <div
              className="fields"
            >
              <div
                className="eight wide field"
              >
                <label
                  htmlFor="name"
                >
                  Name
                </label>
                <div
                  className="ui input"
                >
                  <input
                    name="name"
                    onChange={[Function]}
                    type="text"
                    value="Slovakia"
                  />
                </div>
              </div>
              <div
                className="eight wide field"
              >
                <label
                  htmlFor="capital"
                >
                  Capital
                </label>
                <div
                  className="ui input"
                >
                  <input
                    name="capital"
                    onChange={[Function]}
                    type="text"
                    value="Bratislava"
                  />
                </div>
              </div>
              <div
                className="one wide field"
              >
                <label>
                   
                </label>
                <button
                  className="ui red icon button"
                  onClick={[Function]}
                  role="button"
                >
                  <i
                    aria-hidden="true"
                    className="trash icon"
                  />
                </button>
              </div>
            </div>
          </div>
          <style>
            .d-form-bgcibidbjc { 
  color: pink;
  font-size: 100px !important;
 }
.d-form-Aebfdiadfh { 
  padding: 9px 0px;
 }
.d-form-Adiagibjfa { 
  margin-right: 12px;
  margin-bottom: 6px;
 }
.d-form-bidfabidci { 
  margin: 6px 0px 12px 0px;
 }
.d-form-Abdgbhfjheg { 
  margin-bottom: 0px !important;
 }

  .fieldSet-bejaheefjb {
    border: solid 1px #ddd;
    border-radius: 5px;
    background-color: #fafafa;
  }


  .fieldSet-bejaheefjb legend {
    padding: 0px 6px;
    font-weight: bold;
  }
          </style>
          <div
            className="ui form"
          >
            <div
              className="fields"
            >
              <div
                className="eight wide field"
              >
                <label
                  htmlFor="name"
                >
                  Name
                </label>
                <div
                  className="ui input"
                >
                  <input
                    name="name"
                    onChange={[Function]}
                    type="text"
                    value="Australia"
                  />
                </div>
              </div>
              <div
                className="eight wide field"
              >
                <label
                  htmlFor="capital"
                >
                  Capital
                </label>
                <div
                  className="ui input"
                >
                  <input
                    name="capital"
                    onChange={[Function]}
                    type="text"
                    value="Canberra"
                  />
                </div>
              </div>
              <div
                className="one wide field"
              >
                <label>
                   
                </label>
                <button
                  className="ui red icon button"
                  onClick={[Function]}
                  role="button"
                >
                  <i
                    aria-hidden="true"
                    className="trash icon"
                  />
                </button>
              </div>
            </div>
          </div>
          <button
            className="ui icon primary left labeled button"
            onClick={[Function]}
            role="button"
          >
            <i
              aria-hidden="true"
              className="plus icon"
            />
            Add
          </button>
        </fieldset>
      </div>
    </div>
  </div>
</div>
`;
