// Jest Snapshot v1, https://goo.gl/fbAQLP

exports[`Form Select changes value and all related formulas 1`] = `
<div
  className="ui segment ui form"
>
  <style>
    .d-form-bgcibidbjc { 
  color: pink;
  font-size: 100px !important;
 }
.d-form-Aebfdiadfh { 
  padding: 9px 0px;
 }
.d-form-Adiagibjfa { 
  margin-right: 12px;
  margin-bottom: 6px;
 }
.d-form-bidfabidci { 
  margin: 6px 0px 12px 0px;
 }
.d-form-Abdgbhfjheg { 
  margin-bottom: 0px !important;
 }

  .fieldSet-bejaheefjb {
    border: solid 1px #ddd;
    border-radius: 5px;
    background-color: #fafafa;
  }


  .fieldSet-bejaheefjb legend {
    padding: 0px 6px;
    font-weight: bold;
  }
  </style>
  <div
    className="ui form"
  >
    <div
      className="fields"
    >
      <div
        className="inline field"
      >
        <label
          htmlFor="country"
        >
          Country
        </label>
        <div
          aria-expanded={false}
          className="ui selection dropdown"
          name="country"
          onBlur={[Function]}
          onChange={[Function]}
          onClick={[Function]}
          onFocus={[Function]}
          onMouseDown={[Function]}
          role="listbox"
          tabIndex={0}
        >
          <div
            aria-live="polite"
            className="text"
            role="alert"
          >
            Australia
          </div>
          <i
            aria-hidden="true"
            className="dropdown icon"
            onClick={[Function]}
          />
          <div
            className="menu transition"
          >
            <div
              aria-checked={true}
              aria-selected={true}
              className="active selected item"
              onClick={[Function]}
              role="option"
              style={
                Object {
                  "pointerEvents": "all",
                }
              }
            >
              <span
                className="text"
              >
                Australia
              </span>
            </div>
            <div
              aria-checked={false}
              aria-selected={false}
              className="item"
              onClick={[Function]}
              role="option"
              style={
                Object {
                  "pointerEvents": "all",
                }
              }
            >
              <span
                className="text"
              >
                Slovakia
              </span>
            </div>
          </div>
        </div>
      </div>
      <div
        className="eight wide field"
      >
        <label
          htmlFor="city"
        >
          City
        </label>
        <div
          aria-expanded={false}
          className="ui search selection dropdown"
          name="city"
          onBlur={[Function]}
          onChange={[Function]}
          onClick={[Function]}
          onFocus={[Function]}
          onMouseDown={[Function]}
          role="combobox"
        >
          <input
            aria-autocomplete="list"
            autoComplete="off"
            className="search"
            onChange={[Function]}
            style={
              Object {
                "width": undefined,
              }
            }
            tabIndex={0}
            type="text"
            value=""
          />
          <div
            aria-live="polite"
            className="text"
            role="alert"
          >
            Sydney
          </div>
          <i
            aria-hidden="true"
            className="dropdown icon"
            onClick={[Function]}
          />
          <div
            className="menu transition"
            role="listbox"
          >
            <div
              aria-checked={true}
              aria-selected={true}
              className="active selected item"
              country="AU"
              onClick={[Function]}
              role="option"
              style={
                Object {
                  "pointerEvents": "all",
                }
              }
            >
              <span
                className="text"
              >
                Sydney
              </span>
            </div>
            <div
              aria-checked={false}
              aria-selected={false}
              className="item"
              country="AU"
              onClick={[Function]}
              role="option"
              style={
                Object {
                  "pointerEvents": "all",
                }
              }
            >
              <span
                className="text"
              >
                Melbourne
              </span>
            </div>
          </div>
        </div>
      </div>
    </div>
  </div>
</div>
`;

exports[`Form Select renders correctly 1`] = `
<div
  className="ui segment ui form"
>
  <style>
    .d-form-bgcibidbjc { 
  color: pink;
  font-size: 100px !important;
 }
.d-form-Aebfdiadfh { 
  padding: 9px 0px;
 }
.d-form-Adiagibjfa { 
  margin-right: 12px;
  margin-bottom: 6px;
 }
.d-form-bidfabidci { 
  margin: 6px 0px 12px 0px;
 }
.d-form-Abdgbhfjheg { 
  margin-bottom: 0px !important;
 }

  .fieldSet-bejaheefjb {
    border: solid 1px #ddd;
    border-radius: 5px;
    background-color: #fafafa;
  }


  .fieldSet-bejaheefjb legend {
    padding: 0px 6px;
    font-weight: bold;
  }
  </style>
  <div
    className="ui form"
  >
    <div
      className="fields"
    >
      <div
        className="inline field"
      >
        <label
          htmlFor="country"
        >
          Country
        </label>
        <div
          aria-expanded={false}
          className="ui selection dropdown"
          name="country"
          onBlur={[Function]}
          onChange={[Function]}
          onClick={[Function]}
          onFocus={[Function]}
          onMouseDown={[Function]}
          role="listbox"
          tabIndex={0}
        >
          <div
            aria-live="polite"
            className="text"
            role="alert"
          >
            Slovakia
          </div>
          <i
            aria-hidden="true"
            className="dropdown icon"
            onClick={[Function]}
          />
          <div
            className="menu transition"
          >
            <div
              aria-checked={false}
              aria-selected={false}
              className="item"
              onClick={[Function]}
              role="option"
              style={
                Object {
                  "pointerEvents": "all",
                }
              }
            >
              <span
                className="text"
              >
                Australia
              </span>
            </div>
            <div
              aria-checked={true}
              aria-selected={true}
              className="active selected item"
              onClick={[Function]}
              role="option"
              style={
                Object {
                  "pointerEvents": "all",
                }
              }
            >
              <span
                className="text"
              >
                Slovakia
              </span>
            </div>
          </div>
        </div>
      </div>
      <div
        className="eight wide field"
      >
        <label
          htmlFor="city"
        >
          City
        </label>
        <div
          aria-expanded={false}
          className="ui search selection dropdown"
          name="city"
          onBlur={[Function]}
          onChange={[Function]}
          onClick={[Function]}
          onFocus={[Function]}
          onMouseDown={[Function]}
          role="combobox"
        >
          <input
            aria-autocomplete="list"
            autoComplete="off"
            className="search"
            onChange={[Function]}
            style={
              Object {
                "width": undefined,
              }
            }
            tabIndex={0}
            type="text"
            value=""
          />
          <div
            aria-live="polite"
            className="text"
            role="alert"
          >
            Kosice
          </div>
          <i
            aria-hidden="true"
            className="dropdown icon"
            onClick={[Function]}
          />
          <div
            className="menu transition"
            role="listbox"
          >
            <div
              aria-checked={true}
              aria-selected={true}
              className="active selected item"
              country="SK"
              onClick={[Function]}
              role="option"
              style={
                Object {
                  "pointerEvents": "all",
                }
              }
            >
              <span
                className="text"
              >
                Kosice
              </span>
            </div>
            <div
              aria-checked={false}
              aria-selected={false}
              className="item"
              country="SK"
              onClick={[Function]}
              role="option"
              style={
                Object {
                  "pointerEvents": "all",
                }
              }
            >
              <span
                className="text"
              >
                Bratislava
              </span>
            </div>
          </div>
        </div>
      </div>
    </div>
  </div>
</div>
`;
